// Jest Snapshot v1, https://goo.gl/fbAQLP

exports[`it renders the app renders the app 1`] = `
<DocumentFragment>
  <div
    class="App"
  >
    <div>
      <nav
        class="navBar"
      >
        <img
          alt="housepic"
          class="logoPic"
          src="/HousePic.png"
        />
        <h2
          class="title"
        >
          Surreal Estate
        </h2>
        <ul
          class="navbar-links"
        >
          <li
            class="navbar-links-item"
          >
            <a
              href="/"
            >
              View Properties
            </a>
          </li>
          <li
            class="navbar-links-item"
          >
            <a
              href="/add-property"
            >
              Add a Property
            </a>
          </li>
        </ul>
      </nav>
    </div>
    <div>
      Properties page
    </div>
  </div>
</DocumentFragment>
`;
