// Jest Snapshot v1, https://goo.gl/fbAQLP

exports[`rendering multiple property cards renders the cards 1`] = `
<DocumentFragment>
  <div
    class="properties-page"
  >
    <h2>
      Properties page
    </h2>
    <div
      class="property-cards"
    />
  </div>
</DocumentFragment>
`;
